// Jest Snapshot v1, https://goo.gl/fbAQLP

exports[`Ordenable.vue after first click has the expected html structure 1`] = `
<th>
   Nome - â–² 
</th>
`;
